

> @talentdash/web@1.0.0 build /Users/ashishkumarjha/Desktop/talentdash/apps/web
> next build

▲ Next.js 16.2.6 (Turbopack)
- Environments: .env.local

⚠ The "middleware" file convention is deprecated. Please use "proxy" instead. Learn more: https://nextjs.org/docs/messages/middleware-to-proxy
  Creating an optimized production build ...
✓ Compiled successfully in 2.0s
  Finished TypeScript in 1825ms    ✓ Finished TypeScript in 1825ms 
[Upstash Redis] The 'url' property is missing or undefined in your Redis config.
[Upstash Redis] The 'token' property is missing or undefined in your Redis config.
  Collecting page data using 7 workers in 357ms    ✓ Collecting page data using 7 workers in 357ms 
✓ Generating static pages using 7 workers (13/13) in 256ms
  Finalizing page optimization in 11ms    ✓ Finalizing page optimization in 11ms 

Route (app)
┌ ○ /
├ ○ /_not-found
├ ƒ /[region]
├ ƒ /[region]/companies
├ ● /[region]/companies/[slug]
│ ├ /in/companies/google
│ ├ /in/companies/amazon
│ ├ /in/companies/microsoft
│ └ [+6 more paths]
├ ƒ /[region]/salaries
├ ƒ /[region]/salaries/[role]/[location]
├ ƒ /api/revalidate
├ ƒ /api/revalidate/company/[slug]
└ ƒ /companies/[slug]


ƒ Proxy (Middleware)

○  (Static)   prerendered as static content
●  (SSG)      prerendered as static HTML (uses generateStaticParams)
ƒ  (Dynamic)  server-rendered on demand

